22:56:17 **** Incremental Build of configuration Debug for project LED_animation ****
make -j12 all 
arm-none-eabi-gcc "../Core/Src/main.c" -mcpu=cortex-m3 -std=gnu11 -g3 -DDEBUG -DUSE_HAL_DRIVER -DSTM32F103x6 -c -I../Core/Inc -I../Drivers/STM32F1xx_HAL_Driver/Inc -I../Drivers/STM32F1xx_HAL_Driver/Inc/Legacy -I../Drivers/CMSIS/Device/ST/STM32F1xx/Include -I../Drivers/CMSIS/Include -O0 -ffunction-sections -fdata-sections -Wall -fstack-usage -MMD -MP -MF"Core/Src/main.d" -MT"Core/Src/main.o" --specs=nano.specs -mfloat-abi=soft -mthumb -o "Core/Src/main.o"
arm-none-eabi-gcc -o "LED_animation.elf" @"objects.list"   -mcpu=cortex-m3 -T"D:\VXL-VDK\LAB1\LED_animation\STM32F103C6UX_FLASH.ld" --specs=nosys.specs -Wl,-Map="LED_animation.map" -Wl,--gc-sections -static --specs=nano.specs -mfloat-abi=soft -mthumb -Wl,--start-group -lc -lm -Wl,--end-group
Finished building target: LED_animation.elf
 
arm-none-eabi-size   LED_animation.elf 
arm-none-eabi-objdump -h -S  LED_animation.elf  > "LED_animation.list"
arm-none-eabi-objcopy  -O ihex  LED_animation.elf  "LED_animation.hex"
arm-none-eabi-objcopy  -O binary  LED_animation.elf  "LED_animation.bin"
   text	   data	    bss	    dec	    hex	filename
   6956	     20	   1572	   8548	   2164	LED_animation.elf
Finished building: default.size.stdout
 
Finished building: LED_animation.hex
Finished building: LED_animation.bin
 
Finished building: LED_animation.list
 
 
