23:51:29 **** Incremental Build of configuration Debug for project LED_animation ****
make -j12 all 
arm-none-eabi-gcc -o "LED_animation.elf" @"objects.list"   -mcpu=cortex-m3 -T"D:\VXL-VDK\LAB1\LED_animation\STM32F103C6UX_FLASH.ld" --specs=nosys.specs -Wl,-Map="LED_animation.map" -Wl,--gc-sections -static --specs=nano.specs -mfloat-abi=soft -mthumb -Wl,--start-group -lc -lm -Wl,--end-group
Finished building target: LED_animation.elf
 
arm-none-eabi-size   LED_animation.elf 
arm-none-eabi-objdump -h -S  LED_animation.elf  > "LED_animation.list"
arm-none-eabi-objcopy  -O ihex  LED_animation.elf  "LED_animation.hex"
   text	   data	    bss	    dec	    hex	filename
   5420	     20	   1580	   7020	   1b6c	LED_animation.elf
arm-none-eabi-objcopy  -O binary  LED_animation.elf  "LED_animation.bin"
Finished building: default.size.stdout
 
Finished building: LED_animation.hex
Finished building: LED_animation.bin
 
Finished building: LED_animation.list
 
 

23:51:29 Build Finished. 0 errors, 0 warnings. (took 346ms)

